[     179ms] [INFO] %cDownload the React DevTools for a better development experience: https://react.dev/link/react-devtools font-weight:bold @ http://localhost:3000/_next/static/chunks/node_modules_next_dist_f3530cac._.js:2297
[     290ms] [LOG] [HMR] connected @ http://localhost:3000/_next/static/chunks/node_modules_next_dist_f3530cac._.js:2297
[     523ms] [ERROR] A tree hydrated but some attributes of the server rendered HTML didn't match the client properties. This won't be patched up. This can happen if a SSR-ed Client Component used:

- A server/client branch `if (typeof window !== 'undefined')`.
- Variable input such as `Date.now()` or `Math.random()` which changes each time it's called.
- Date formatting in a user's locale which doesn't match the server.
- External changing data without sending a snapshot of it along with the HTML.
- Invalid HTML tag nesting.

It can also happen if the client has a browser extension installed which messes with the HTML before React loaded.

%s%s https://react.dev/link/hydration-mismatch 

  ...
    <ErrorBoundary errorComponent={undefined} errorStyles={undefined} errorScripts={undefined}>
      <LoadingBoundary name="/" loading={null}>
        <HTTPAccessFallbackBoundary notFound={<SegmentViewNode>} forbidden={undefined} unauthorized={undefined}>
          <HTTPAccessFallbackErrorBoundary pathname="/" notFound={<SegmentViewNode>} forbidden={undefined} ...>
            <RedirectBoundary>
              <RedirectErrorBoundary router={{...}}>
                <InnerLayoutRouter url="/" tree={[...]} params={{}} cacheNode={{rsc:<Fragment>, ...}} segmentPath={[...]} ...>
                  <SegmentViewNode type="page" pagePath="page.tsx">
                    <SegmentTrieNode>
                    <Page>
                      <HomeClient defaultLayout={{left:19.716, ...}}>
                        <StudioLayoutClient defaultLayout={{left:19.716, ...}} showRightSidebar={true}>
                          <ResizablePanelGroup direction="horizontal" defaultLayout={{left:19.716, ...}} ...>
                            <Group orientation="horizontal" className="flex data-..." defaultLayout={{left:19.716, ...}} ...>
                              <div
                                aria-orientation="horizontal"
                                className="flex data-[panel-group-direction=vertical]:flex-col h-screen w-screen overf..."
                                data-group={true}
+                               data-testid="_R_andlb_"
-                               data-testid="_R_1indlb_"
+                               id="_R_andlb_"
-                               id="_R_1indlb_"
                                ref={function}
                                style={{height:"100%",width:"100%",overflow:"hidden",display:"flex",flexDirection:"row",flexWrap:"nowrap"}}
                              >
                                <Panel>
                                <ResizableHandle>
                                  <Separator className={"relative..."}>
                                    <div
                                      aria-controls={undefined}
                                      aria-orientation="vertical"
                                      aria-valuemax={undefined}
                                      aria-valuemin={undefined}
                                      aria-valuenow={undefined}
                                      className={"relative flex items-center justify-center bg-border after:absolute ..."}
                                      data-separator="inactive"
+                                     data-testid="_R_5andlb_"
-                                     data-testid="_R_lindlb_"
+                                     id="_R_5andlb_"
-                                     id="_R_lindlb_"
                                      ref={function}
                                      role="separator"
                                      style={{flexBasis:"auto",flexGrow:0,flexShrink:0}}
                                      tabIndex={0}
                                    >
                                ...
                                  <Primitive.button type="button" id="radix-_R_3..." aria-haspopup="menu" ...>
                                    <Primitive.button.Slot type="button" id="radix-_R_3..." aria-haspopup="menu" ...>
                                      <Button variant="ghost" size="icon" className="h-8 w-8" title="更多" type="button" ...>
                                        <button
                                          data-slot="dropdown-menu-trigger"
                                          data-variant="ghost"
                                          data-size="icon"
                                          className={"inline-flex shrink-0 items-center justify-center gap-2 rounded-..."}
                                          title="更多"
                                          type="button"
+                                         id="radix-_R_39nandlb_"
-                                         id="radix-_R_d6tindlb_"
                                          aria-haspopup="menu"
                                          aria-expanded={false}
                                          aria-controls={undefined}
                                          data-state="closed"
                                          data-disabled={undefined}
                                          disabled={false}
                                          onPointerDown={function handleEvent}
                                          onKeyDown={function handleEvent}
                                          data-radix-popper-side={undefined}
                                          data-radix-popper-align={undefined}
                                          ref={function}
                                        >
                                <ResizableHandle>
                                  <Separator className={"relative..."}>
                                    <div
                                      aria-controls={undefined}
                                      aria-orientation="vertical"
                                      aria-valuemax={undefined}
                                      aria-valuemin={undefined}
                                      aria-valuenow={undefined}
                                      className={"relative flex items-center justify-center bg-border after:absolute ..."}
                                      data-separator="inactive"
+                                     data-testid="_R_pandlb_"
-                                     data-testid="_R_35indlb_"
+                                     id="_R_pandlb_"
-                                     id="_R_35indlb_"
                                      ref={function}
                                      role="separator"
                                      style={{flexBasis:"auto",flexGrow:0,flexShrink:0}}
                                      tabIndex={0}
                                    >
                                ...
                        ...
                  ...
                ...
 @ http://localhost:3000/_next/static/chunks/node_modules_next_dist_f3530cac._.js:3127
[    5021ms] [LOG] [Fast Refresh] rebuilding @ http://localhost:3000/_next/static/chunks/node_modules_next_dist_f3530cac._.js:2297
[    7130ms] [LOG] [Fast Refresh] done in 2209ms @ http://localhost:3000/_next/static/chunks/node_modules_next_dist_f3530cac._.js:2297
[   41168ms] [LOG] [Fast Refresh] rebuilding @ http://localhost:3000/_next/static/chunks/node_modules_next_dist_f3530cac._.js:2297
[   41226ms] [LOG] [Fast Refresh] done in 68ms @ http://localhost:3000/_next/static/chunks/node_modules_next_dist_f3530cac._.js:2297
[   41549ms] [LOG] [Fast Refresh] rebuilding @ http://localhost:3000/_next/static/chunks/node_modules_next_dist_f3530cac._.js:2297
[   43369ms] [LOG] [Fast Refresh] done in 1920ms @ http://localhost:3000/_next/static/chunks/node_modules_next_dist_f3530cac._.js:2297
[  174320ms] [LOG] [Fast Refresh] rebuilding @ http://localhost:3000/_next/static/chunks/node_modules_next_dist_f3530cac._.js:2297
[  174367ms] [LOG] [Fast Refresh] done in 94ms @ http://localhost:3000/_next/static/chunks/node_modules_next_dist_f3530cac._.js:2297
[  199474ms] [LOG] [Fast Refresh] rebuilding @ http://localhost:3000/_next/static/chunks/node_modules_next_dist_f3530cac._.js:2297
[  199514ms] [LOG] [Fast Refresh] done in 94ms @ http://localhost:3000/_next/static/chunks/node_modules_next_dist_f3530cac._.js:2297
[  200736ms] [LOG] [Fast Refresh] rebuilding @ http://localhost:3000/_next/static/chunks/node_modules_next_dist_f3530cac._.js:2297
[  200778ms] [LOG] [Fast Refresh] done in 142ms @ http://localhost:3000/_next/static/chunks/node_modules_next_dist_f3530cac._.js:2297
