[    2190ms] [INFO] %cDownload the React DevTools for a better development experience: https://react.dev/link/react-devtools font-weight:bold @ http://localhost:3000/_next/static/chunks/node_modules_next_dist_f3530cac._.js:2297
[    2451ms] [LOG] [HMR] connected @ http://localhost:3000/_next/static/chunks/node_modules_next_dist_f3530cac._.js:2297
[    2877ms] [LOG] [Fast Refresh] rebuilding @ http://localhost:3000/_next/static/chunks/node_modules_next_dist_f3530cac._.js:2297
[    2952ms] [LOG] [Fast Refresh] done in 175ms @ http://localhost:3000/_next/static/chunks/node_modules_next_dist_f3530cac._.js:2297
[   11652ms] [LOG] [Fast Refresh] rebuilding @ http://localhost:3000/_next/static/chunks/node_modules_next_dist_f3530cac._.js:2297
[   11657ms] [LOG] [Fast Refresh] done in 106ms @ http://localhost:3000/_next/static/chunks/node_modules_next_dist_f3530cac._.js:2297
[   21342ms] [LOG] [Fast Refresh] rebuilding @ http://localhost:3000/_next/static/chunks/node_modules_next_dist_f3530cac._.js:2297
[   21368ms] [LOG] [Fast Refresh] done in 125ms @ http://localhost:3000/_next/static/chunks/node_modules_next_dist_f3530cac._.js:2297
[  153597ms] [LOG] [Fast Refresh] rebuilding @ http://localhost:3000/_next/static/chunks/node_modules_next_dist_f3530cac._.js:2297
[  154336ms] [LOG] [Fast Refresh] done in 839ms @ http://localhost:3000/_next/static/chunks/node_modules_next_dist_f3530cac._.js:2297
[  159861ms] [VERBOSE] [DOM] Password field is not contained in a form: (More info: https://goo.gl/9p2vKq) @ http://localhost:3000/:0
[ 8543500ms] [ERROR] WebSocket connection to 'ws://localhost:3000/_next/webpack-hmr?id=19np9TNxQByHlZb1gfXma' failed: Error in connection establishment: net::ERR_CONNECTION_REFUSED @ http://localhost:3000/_next/static/chunks/node_modules_next_dist_client_17643121._.js:10876
[ 8544503ms] [ERROR] WebSocket connection to 'ws://localhost:3000/_next/webpack-hmr?id=19np9TNxQByHlZb1gfXma' failed: Error in connection establishment: net::ERR_CONNECTION_REFUSED @ http://localhost:3000/_next/static/chunks/node_modules_next_dist_client_17643121._.js:10876
[ 8545506ms] [ERROR] WebSocket connection to 'ws://localhost:3000/_next/webpack-hmr?id=19np9TNxQByHlZb1gfXma' failed: Error in connection establishment: net::ERR_CONNECTION_REFUSED @ http://localhost:3000/_next/static/chunks/node_modules_next_dist_client_17643121._.js:10876
[ 8546509ms] [ERROR] WebSocket connection to 'ws://localhost:3000/_next/webpack-hmr?id=19np9TNxQByHlZb1gfXma' failed: Error in connection establishment: net::ERR_CONNECTION_REFUSED @ http://localhost:3000/_next/static/chunks/node_modules_next_dist_client_17643121._.js:10876
[ 8547514ms] [ERROR] WebSocket connection to 'ws://localhost:3000/_next/webpack-hmr?id=19np9TNxQByHlZb1gfXma' failed: Error in connection establishment: net::ERR_CONNECTION_REFUSED @ http://localhost:3000/_next/static/chunks/node_modules_next_dist_client_17643121._.js:10876
[ 8552518ms] [ERROR] WebSocket connection to 'ws://localhost:3000/_next/webpack-hmr?id=19np9TNxQByHlZb1gfXma' failed: Error in connection establishment: net::ERR_CONNECTION_REFUSED @ http://localhost:3000/_next/static/chunks/node_modules_next_dist_client_17643121._.js:10876
[ 8557528ms] [ERROR] WebSocket connection to 'ws://localhost:3000/_next/webpack-hmr?id=19np9TNxQByHlZb1gfXma' failed: Error in connection establishment: net::ERR_CONNECTION_REFUSED @ http://localhost:3000/_next/static/chunks/node_modules_next_dist_client_17643121._.js:10876
[ 8562547ms] [ERROR] WebSocket connection to 'ws://localhost:3000/_next/webpack-hmr?id=19np9TNxQByHlZb1gfXma' failed: Error in connection establishment: net::ERR_CONNECTION_REFUSED @ http://localhost:3000/_next/static/chunks/node_modules_next_dist_client_17643121._.js:10876
[ 8567582ms] [ERROR] WebSocket connection to 'ws://localhost:3000/_next/webpack-hmr?id=19np9TNxQByHlZb1gfXma' failed: Error in connection establishment: net::ERR_CONNECTION_REFUSED @ http://localhost:3000/_next/static/chunks/node_modules_next_dist_client_17643121._.js:10876
[ 8572652ms] [ERROR] WebSocket connection to 'ws://localhost:3000/_next/webpack-hmr?id=19np9TNxQByHlZb1gfXma' failed: Error in connection establishment: net::ERR_CONNECTION_REFUSED @ http://localhost:3000/_next/static/chunks/node_modules_next_dist_client_17643121._.js:10876
[ 8577738ms] [ERROR] WebSocket connection to 'ws://localhost:3000/_next/webpack-hmr?id=19np9TNxQByHlZb1gfXma' failed: Error in connection establishment: net::ERR_CONNECTION_REFUSED @ http://localhost:3000/_next/static/chunks/node_modules_next_dist_client_17643121._.js:10876
[ 8582903ms] [ERROR] WebSocket connection to 'ws://localhost:3000/_next/webpack-hmr?id=19np9TNxQByHlZb1gfXma' failed: Error in connection establishment: net::ERR_CONNECTION_REFUSED @ http://localhost:3000/_next/static/chunks/node_modules_next_dist_client_17643121._.js:10876
[16779543ms] [INFO] %cDownload the React DevTools for a better development experience: https://react.dev/link/react-devtools font-weight:bold @ http://localhost:3000/_next/static/chunks/node_modules_next_dist_f3530cac._.js:2297
[16779679ms] [LOG] [HMR] connected @ http://localhost:3000/_next/static/chunks/node_modules_next_dist_f3530cac._.js:2297
[16779806ms] [LOG] [Fast Refresh] rebuilding @ http://localhost:3000/_next/static/chunks/node_modules_next_dist_f3530cac._.js:2297
[16780134ms] [LOG] [Fast Refresh] done in 439ms @ http://localhost:3000/_next/static/chunks/node_modules_next_dist_f3530cac._.js:2297
[20611661ms] [LOG] [Fast Refresh] rebuilding @ http://localhost:3000/_next/static/chunks/node_modules_next_dist_f3530cac._.js:2297
[20611688ms] [LOG] [Fast Refresh] done in 127ms @ http://localhost:3000/_next/static/chunks/node_modules_next_dist_f3530cac._.js:2297
[20755955ms] [LOG] [Fast Refresh] rebuilding @ http://localhost:3000/_next/static/chunks/node_modules_next_dist_f3530cac._.js:2297
[20755972ms] [LOG] [Fast Refresh] done in 117ms @ http://localhost:3000/_next/static/chunks/node_modules_next_dist_f3530cac._.js:2297
[20815355ms] [LOG] [Fast Refresh] rebuilding @ http://localhost:3000/_next/static/chunks/node_modules_next_dist_f3530cac._.js:2297
[20815366ms] [LOG] [Fast Refresh] done in 112ms @ http://localhost:3000/_next/static/chunks/node_modules_next_dist_f3530cac._.js:2297
[20843638ms] [LOG] [Fast Refresh] rebuilding @ http://localhost:3000/_next/static/chunks/node_modules_next_dist_f3530cac._.js:2297
[20843996ms] [LOG] [Fast Refresh] done in 431ms @ http://localhost:3000/_next/static/chunks/node_modules_next_dist_f3530cac._.js:2297
[25591232ms] [ERROR] WebSocket connection to 'ws://localhost:3000/_next/webpack-hmr?id=UzZUp-k4igHTwr5-hgVt0' failed: Error in connection establishment: net::ERR_CONNECTION_REFUSED @ http://localhost:3000/_next/static/chunks/node_modules_next_dist_client_17643121._.js:10876
[25592235ms] [ERROR] WebSocket connection to 'ws://localhost:3000/_next/webpack-hmr?id=UzZUp-k4igHTwr5-hgVt0' failed: Error in connection establishment: net::ERR_CONNECTION_REFUSED @ http://localhost:3000/_next/static/chunks/node_modules_next_dist_client_17643121._.js:10876
[25593239ms] [ERROR] WebSocket connection to 'ws://localhost:3000/_next/webpack-hmr?id=UzZUp-k4igHTwr5-hgVt0' failed: Error in connection establishment: net::ERR_CONNECTION_REFUSED @ http://localhost:3000/_next/static/chunks/node_modules_next_dist_client_17643121._.js:10876
[25594242ms] [ERROR] WebSocket connection to 'ws://localhost:3000/_next/webpack-hmr?id=UzZUp-k4igHTwr5-hgVt0' failed: Error in connection establishment: net::ERR_CONNECTION_REFUSED @ http://localhost:3000/_next/static/chunks/node_modules_next_dist_client_17643121._.js:10876
[25595247ms] [ERROR] WebSocket connection to 'ws://localhost:3000/_next/webpack-hmr?id=UzZUp-k4igHTwr5-hgVt0' failed: Error in connection establishment: net::ERR_CONNECTION_REFUSED @ http://localhost:3000/_next/static/chunks/node_modules_next_dist_client_17643121._.js:10876
[25600253ms] [ERROR] WebSocket connection to 'ws://localhost:3000/_next/webpack-hmr?id=UzZUp-k4igHTwr5-hgVt0' failed: Error in connection establishment: net::ERR_CONNECTION_REFUSED @ http://localhost:3000/_next/static/chunks/node_modules_next_dist_client_17643121._.js:10876
[25605266ms] [ERROR] WebSocket connection to 'ws://localhost:3000/_next/webpack-hmr?id=UzZUp-k4igHTwr5-hgVt0' failed: Error in connection establishment: net::ERR_CONNECTION_REFUSED @ http://localhost:3000/_next/static/chunks/node_modules_next_dist_client_17643121._.js:10876
[25610275ms] [ERROR] WebSocket connection to 'ws://localhost:3000/_next/webpack-hmr?id=UzZUp-k4igHTwr5-hgVt0' failed: Error in connection establishment: net::ERR_CONNECTION_REFUSED @ http://localhost:3000/_next/static/chunks/node_modules_next_dist_client_17643121._.js:10876
[25615297ms] [ERROR] WebSocket connection to 'ws://localhost:3000/_next/webpack-hmr?id=UzZUp-k4igHTwr5-hgVt0' failed: Error in connection establishment: net::ERR_CONNECTION_REFUSED @ http://localhost:3000/_next/static/chunks/node_modules_next_dist_client_17643121._.js:10876
[25620357ms] [ERROR] WebSocket connection to 'ws://localhost:3000/_next/webpack-hmr?id=UzZUp-k4igHTwr5-hgVt0' failed: Error in connection establishment: net::ERR_CONNECTION_REFUSED @ http://localhost:3000/_next/static/chunks/node_modules_next_dist_client_17643121._.js:10876
[25625410ms] [ERROR] WebSocket connection to 'ws://localhost:3000/_next/webpack-hmr?id=UzZUp-k4igHTwr5-hgVt0' failed: Error in connection establishment: net::ERR_CONNECTION_REFUSED @ http://localhost:3000/_next/static/chunks/node_modules_next_dist_client_17643121._.js:10876
[25630615ms] [ERROR] WebSocket connection to 'ws://localhost:3000/_next/webpack-hmr?id=UzZUp-k4igHTwr5-hgVt0' failed: Error in connection establishment: net::ERR_CONNECTION_REFUSED @ http://localhost:3000/_next/static/chunks/node_modules_next_dist_client_17643121._.js:10876
[35627307ms] [INFO] %cDownload the React DevTools for a better development experience: https://react.dev/link/react-devtools font-weight:bold @ http://localhost:3000/_next/static/chunks/node_modules_next_dist_f3530cac._.js:2297
[35627415ms] [LOG] [HMR] connected @ http://localhost:3000/_next/static/chunks/node_modules_next_dist_f3530cac._.js:2297
[36198973ms] [LOG] [Fast Refresh] rebuilding @ http://localhost:3000/_next/static/chunks/node_modules_next_dist_f3530cac._.js:2297
[36200076ms] [LOG] [Fast Refresh] done in 1203ms @ http://localhost:3000/_next/static/chunks/node_modules_next_dist_f3530cac._.js:2297
[36265163ms] [LOG] [Fast Refresh] rebuilding @ http://localhost:3000/_next/static/chunks/node_modules_next_dist_f3530cac._.js:2297
[36266245ms] [LOG] [Fast Refresh] done in 1181ms @ http://localhost:3000/_next/static/chunks/node_modules_next_dist_f3530cac._.js:2297
[36480966ms] [LOG] [Fast Refresh] rebuilding @ http://localhost:3000/_next/static/chunks/node_modules_next_dist_f3530cac._.js:2297
[36481733ms] [LOG] [Fast Refresh] done in 844ms @ http://localhost:3000/_next/static/chunks/node_modules_next_dist_f3530cac._.js:2297
[36531412ms] [LOG] [Fast Refresh] rebuilding @ http://localhost:3000/_next/static/chunks/node_modules_next_dist_f3530cac._.js:2297
[36532629ms] [LOG] [Fast Refresh] done in 1317ms @ http://localhost:3000/_next/static/chunks/node_modules_next_dist_f3530cac._.js:2297
[70371422ms] [ERROR] WebSocket connection to 'ws://localhost:3000/_next/webpack-hmr?id=aqWdPslkEoKhg5QgRNe5L' failed: Error in connection establishment: net::ERR_CONNECTION_REFUSED @ http://localhost:3000/_next/static/chunks/node_modules_next_dist_client_17643121._.js:10876
[70372426ms] [ERROR] WebSocket connection to 'ws://localhost:3000/_next/webpack-hmr?id=aqWdPslkEoKhg5QgRNe5L' failed: Error in connection establishment: net::ERR_CONNECTION_REFUSED @ http://localhost:3000/_next/static/chunks/node_modules_next_dist_client_17643121._.js:10876
[70373429ms] [ERROR] WebSocket connection to 'ws://localhost:3000/_next/webpack-hmr?id=aqWdPslkEoKhg5QgRNe5L' failed: Error in connection establishment: net::ERR_CONNECTION_REFUSED @ http://localhost:3000/_next/static/chunks/node_modules_next_dist_client_17643121._.js:10876
[70374433ms] [ERROR] WebSocket connection to 'ws://localhost:3000/_next/webpack-hmr?id=aqWdPslkEoKhg5QgRNe5L' failed: Error in connection establishment: net::ERR_CONNECTION_REFUSED @ http://localhost:3000/_next/static/chunks/node_modules_next_dist_client_17643121._.js:10876
[70375438ms] [ERROR] WebSocket connection to 'ws://localhost:3000/_next/webpack-hmr?id=aqWdPslkEoKhg5QgRNe5L' failed: Error in connection establishment: net::ERR_CONNECTION_REFUSED @ http://localhost:3000/_next/static/chunks/node_modules_next_dist_client_17643121._.js:10876
[70380444ms] [ERROR] WebSocket connection to 'ws://localhost:3000/_next/webpack-hmr?id=aqWdPslkEoKhg5QgRNe5L' failed: Error in connection establishment: net::ERR_CONNECTION_REFUSED @ http://localhost:3000/_next/static/chunks/node_modules_next_dist_client_17643121._.js:10876
[70385456ms] [ERROR] WebSocket connection to 'ws://localhost:3000/_next/webpack-hmr?id=aqWdPslkEoKhg5QgRNe5L' failed: Error in connection establishment: net::ERR_CONNECTION_REFUSED @ http://localhost:3000/_next/static/chunks/node_modules_next_dist_client_17643121._.js:10876
[70390470ms] [ERROR] WebSocket connection to 'ws://localhost:3000/_next/webpack-hmr?id=aqWdPslkEoKhg5QgRNe5L' failed: Error in connection establishment: net::ERR_CONNECTION_REFUSED @ http://localhost:3000/_next/static/chunks/node_modules_next_dist_client_17643121._.js:10876
[70395504ms] [ERROR] WebSocket connection to 'ws://localhost:3000/_next/webpack-hmr?id=aqWdPslkEoKhg5QgRNe5L' failed: Error in connection establishment: net::ERR_CONNECTION_REFUSED @ http://localhost:3000/_next/static/chunks/node_modules_next_dist_client_17643121._.js:10876
[70400550ms] [ERROR] WebSocket connection to 'ws://localhost:3000/_next/webpack-hmr?id=aqWdPslkEoKhg5QgRNe5L' failed: Error in connection establishment: net::ERR_CONNECTION_REFUSED @ http://localhost:3000/_next/static/chunks/node_modules_next_dist_client_17643121._.js:10876
[70405631ms] [ERROR] WebSocket connection to 'ws://localhost:3000/_next/webpack-hmr?id=aqWdPslkEoKhg5QgRNe5L' failed: Error in connection establishment: net::ERR_CONNECTION_REFUSED @ http://localhost:3000/_next/static/chunks/node_modules_next_dist_client_17643121._.js:10876
[70410740ms] [ERROR] WebSocket connection to 'ws://localhost:3000/_next/webpack-hmr?id=aqWdPslkEoKhg5QgRNe5L' failed: Error in connection establishment: net::ERR_CONNECTION_REFUSED @ http://localhost:3000/_next/static/chunks/node_modules_next_dist_client_17643121._.js:10876
