[     157ms] [INFO] %cDownload the React DevTools for a better development experience: https://react.dev/link/react-devtools font-weight:bold @ http://localhost:3000/_next/static/chunks/node_modules_next_dist_f3530cac._.js:2297
[     237ms] [LOG] [HMR] connected @ http://localhost:3000/_next/static/chunks/node_modules_next_dist_f3530cac._.js:2297
[    3980ms] [LOG] [Fast Refresh] rebuilding @ http://localhost:3000/_next/static/chunks/node_modules_next_dist_f3530cac._.js:2297
[    4734ms] [LOG] [Fast Refresh] done in 855ms @ http://localhost:3000/_next/static/chunks/node_modules_next_dist_f3530cac._.js:2297
[    9925ms] [WARNING] [ToolInvocationTracker] argsText changed after first completion; not re-firing streamCall (see EDGE_CASES.md A.4) {previous: {"highConcept":"","coreConflict":"","mainGoal":"",…","title":"","protagonist":"","worldBuilding":""}, next: {}, toolCallId: updateIdeaDraft-1785249159638404735-23} @ http://localhost:3000/_next/static/chunks/node_modules_next_dist_f3530cac._.js:2297
[   13864ms] [WARNING] [ToolInvocationTracker] argsText changed after first completion; not re-firing streamCall (see EDGE_CASES.md A.4) {previous: {"highConcept":"","coreConflict":"","mainGoal":"",…","title":"","protagonist":"","worldBuilding":""}, next: {}, toolCallId: updateIdeaDraft-1785249159638404735-23} @ http://localhost:3000/_next/static/chunks/node_modules_next_dist_f3530cac._.js:2297
[   13871ms] [WARNING] [ToolInvocationTracker] argsText changed after first completion; not re-firing streamCall (see EDGE_CASES.md A.4) {previous: {"highConcept":"","coreConflict":"","mainGoal":"",…","title":"","protagonist":"","worldBuilding":""}, next: {}, toolCallId: updateIdeaDraft-1785249159638404735-23} @ http://localhost:3000/_next/static/chunks/node_modules_next_dist_f3530cac._.js:2297
[   13908ms] [WARNING] [ToolInvocationTracker] argsText changed after first completion; not re-firing streamCall (see EDGE_CASES.md A.4) {previous: {"highConcept":"","coreConflict":"","mainGoal":"",…","title":"","protagonist":"","worldBuilding":""}, next: {}, toolCallId: updateIdeaDraft-1785249159638404735-23} @ http://localhost:3000/_next/static/chunks/node_modules_next_dist_f3530cac._.js:2297
[   13911ms] [WARNING] [ToolInvocationTracker] argsText changed after first completion; not re-firing streamCall (see EDGE_CASES.md A.4) {previous: {"highConcept":"","coreConflict":"","mainGoal":"",…","title":"","protagonist":"","worldBuilding":""}, next: {}, toolCallId: updateIdeaDraft-1785249159638404735-23} @ http://localhost:3000/_next/static/chunks/node_modules_next_dist_f3530cac._.js:2297
[   13914ms] [WARNING] [ToolInvocationTracker] argsText changed after first completion; not re-firing streamCall (see EDGE_CASES.md A.4) {previous: {"highConcept":"","coreConflict":"","mainGoal":"",…","title":"","protagonist":"","worldBuilding":""}, next: {}, toolCallId: updateIdeaDraft-1785249159638404735-23} @ http://localhost:3000/_next/static/chunks/node_modules_next_dist_f3530cac._.js:2297
[   13966ms] [WARNING] [ToolInvocationTracker] argsText changed after first completion; not re-firing streamCall (see EDGE_CASES.md A.4) {previous: {"highConcept":"","coreConflict":"","mainGoal":"",…","title":"","protagonist":"","worldBuilding":""}, next: {}, toolCallId: updateIdeaDraft-1785249159638404735-23} @ http://localhost:3000/_next/static/chunks/node_modules_next_dist_f3530cac._.js:2297
[   14084ms] [WARNING] [ToolInvocationTracker] argsText changed after first completion; not re-firing streamCall (see EDGE_CASES.md A.4) {previous: {"highConcept":"","coreConflict":"","mainGoal":"",…","title":"","protagonist":"","worldBuilding":""}, next: {}, toolCallId: updateIdeaDraft-1785249159638404735-23} @ http://localhost:3000/_next/static/chunks/node_modules_next_dist_f3530cac._.js:2297
[   14155ms] [WARNING] [ToolInvocationTracker] argsText changed after first completion; not re-firing streamCall (see EDGE_CASES.md A.4) {previous: {"highConcept":"","coreConflict":"","mainGoal":"",…","title":"","protagonist":"","worldBuilding":""}, next: {}, toolCallId: updateIdeaDraft-1785249159638404735-23} @ http://localhost:3000/_next/static/chunks/node_modules_next_dist_f3530cac._.js:2297
[   14221ms] [WARNING] [ToolInvocationTracker] argsText changed after first completion; not re-firing streamCall (see EDGE_CASES.md A.4) {previous: {"highConcept":"","coreConflict":"","mainGoal":"",…","title":"","protagonist":"","worldBuilding":""}, next: {}, toolCallId: updateIdeaDraft-1785249159638404735-23} @ http://localhost:3000/_next/static/chunks/node_modules_next_dist_f3530cac._.js:2297
[   14298ms] [WARNING] [ToolInvocationTracker] argsText changed after first completion; not re-firing streamCall (see EDGE_CASES.md A.4) {previous: {"highConcept":"","coreConflict":"","mainGoal":"",…","title":"","protagonist":"","worldBuilding":""}, next: {}, toolCallId: updateIdeaDraft-1785249159638404735-23} @ http://localhost:3000/_next/static/chunks/node_modules_next_dist_f3530cac._.js:2297
[   14368ms] [WARNING] [ToolInvocationTracker] argsText changed after first completion; not re-firing streamCall (see EDGE_CASES.md A.4) {previous: {"highConcept":"","coreConflict":"","mainGoal":"",…","title":"","protagonist":"","worldBuilding":""}, next: {}, toolCallId: updateIdeaDraft-1785249159638404735-23} @ http://localhost:3000/_next/static/chunks/node_modules_next_dist_f3530cac._.js:2297
[   14682ms] [WARNING] [ToolInvocationTracker] argsText changed after first completion; not re-firing streamCall (see EDGE_CASES.md A.4) {previous: {"highConcept":"","coreConflict":"","mainGoal":"",…","title":"","protagonist":"","worldBuilding":""}, next: {}, toolCallId: updateIdeaDraft-1785249159638404735-23} @ http://localhost:3000/_next/static/chunks/node_modules_next_dist_f3530cac._.js:2297
[   14688ms] [WARNING] [ToolInvocationTracker] argsText changed after first completion; not re-firing streamCall (see EDGE_CASES.md A.4) {previous: {"highConcept":"","coreConflict":"","mainGoal":"",…","title":"","protagonist":"","worldBuilding":""}, next: {}, toolCallId: updateIdeaDraft-1785249159638404735-23} @ http://localhost:3000/_next/static/chunks/node_modules_next_dist_f3530cac._.js:2297
[   14689ms] [WARNING] [ToolInvocationTracker] argsText changed after first completion; not re-firing streamCall (see EDGE_CASES.md A.4) {previous: {"highConcept":"","coreConflict":"","mainGoal":"",…","title":"","protagonist":"","worldBuilding":""}, next: {}, toolCallId: updateIdeaDraft-1785249159638404735-23} @ http://localhost:3000/_next/static/chunks/node_modules_next_dist_f3530cac._.js:2297
[   14691ms] [WARNING] [ToolInvocationTracker] argsText changed after first completion; not re-firing streamCall (see EDGE_CASES.md A.4) {previous: {"highConcept":"","coreConflict":"","mainGoal":"",…","title":"","protagonist":"","worldBuilding":""}, next: {}, toolCallId: updateIdeaDraft-1785249159638404735-23} @ http://localhost:3000/_next/static/chunks/node_modules_next_dist_f3530cac._.js:2297
[   14693ms] [WARNING] [ToolInvocationTracker] argsText changed after first completion; not re-firing streamCall (see EDGE_CASES.md A.4) {previous: {"highConcept":"","coreConflict":"","mainGoal":"",…","title":"","protagonist":"","worldBuilding":""}, next: {}, toolCallId: updateIdeaDraft-1785249159638404735-23} @ http://localhost:3000/_next/static/chunks/node_modules_next_dist_f3530cac._.js:2297
[   14742ms] [WARNING] [ToolInvocationTracker] argsText changed after first completion; not re-firing streamCall (see EDGE_CASES.md A.4) {previous: {"highConcept":"","coreConflict":"","mainGoal":"",…","title":"","protagonist":"","worldBuilding":""}, next: {}, toolCallId: updateIdeaDraft-1785249159638404735-23} @ http://localhost:3000/_next/static/chunks/node_modules_next_dist_f3530cac._.js:2297
[   14918ms] [WARNING] [ToolInvocationTracker] argsText changed after first completion; not re-firing streamCall (see EDGE_CASES.md A.4) {previous: {"highConcept":"","coreConflict":"","mainGoal":"",…","title":"","protagonist":"","worldBuilding":""}, next: {}, toolCallId: updateIdeaDraft-1785249159638404735-23} @ http://localhost:3000/_next/static/chunks/node_modules_next_dist_f3530cac._.js:2297
[   14921ms] [WARNING] [ToolInvocationTracker] argsText changed after first completion; not re-firing streamCall (see EDGE_CASES.md A.4) {previous: {"highConcept":"","coreConflict":"","mainGoal":"",…","title":"","protagonist":"","worldBuilding":""}, next: {}, toolCallId: updateIdeaDraft-1785249159638404735-23} @ http://localhost:3000/_next/static/chunks/node_modules_next_dist_f3530cac._.js:2297
[   14923ms] [WARNING] [ToolInvocationTracker] argsText changed after first completion; not re-firing streamCall (see EDGE_CASES.md A.4) {previous: {"highConcept":"","coreConflict":"","mainGoal":"",…","title":"","protagonist":"","worldBuilding":""}, next: {}, toolCallId: updateIdeaDraft-1785249159638404735-23} @ http://localhost:3000/_next/static/chunks/node_modules_next_dist_f3530cac._.js:2297
[  565902ms] [LOG] [Fast Refresh] rebuilding @ http://localhost:3000/_next/static/chunks/node_modules_next_dist_f3530cac._.js:2297
[  566360ms] [LOG] [Fast Refresh] done in 461ms @ http://localhost:3000/_next/static/chunks/node_modules_next_dist_f3530cac._.js:2297
[  582526ms] [LOG] [Fast Refresh] rebuilding @ http://localhost:3000/_next/static/chunks/node_modules_next_dist_f3530cac._.js:2297
[  583401ms] [LOG] [Fast Refresh] done in 974ms @ http://localhost:3000/_next/static/chunks/node_modules_next_dist_f3530cac._.js:2297
[  596926ms] [LOG] [Fast Refresh] rebuilding @ http://localhost:3000/_next/static/chunks/node_modules_next_dist_f3530cac._.js:2297
[  596946ms] [LOG] [Fast Refresh] done in 121ms @ http://localhost:3000/_next/static/chunks/node_modules_next_dist_f3530cac._.js:2297
[  644823ms] [LOG] [Fast Refresh] rebuilding @ http://localhost:3000/_next/static/chunks/node_modules_next_dist_f3530cac._.js:2297
[  644903ms] [LOG] [Fast Refresh] done in 62ms @ http://localhost:3000/_next/static/chunks/node_modules_next_dist_f3530cac._.js:2297
[  656304ms] [LOG] [Fast Refresh] rebuilding @ http://localhost:3000/_next/static/chunks/node_modules_next_dist_f3530cac._.js:2297
[  656325ms] [LOG] [Fast Refresh] done in 121ms @ http://localhost:3000/_next/static/chunks/node_modules_next_dist_f3530cac._.js:2297
[  920795ms] [LOG] [Fast Refresh] rebuilding @ http://localhost:3000/_next/static/chunks/node_modules_next_dist_f3530cac._.js:2297
[  921566ms] [LOG] [Fast Refresh] done in 845ms @ http://localhost:3000/_next/static/chunks/node_modules_next_dist_f3530cac._.js:2297
[  952258ms] [LOG] [Fast Refresh] rebuilding @ http://localhost:3000/_next/static/chunks/node_modules_next_dist_f3530cac._.js:2297
[  952656ms] [LOG] [Fast Refresh] done in 476ms @ http://localhost:3000/_next/static/chunks/node_modules_next_dist_f3530cac._.js:2297
