[     218ms] [INFO] %cDownload the React DevTools for a better development experience: https://react.dev/link/react-devtools font-weight:bold @ http://localhost:3000/_next/static/chunks/node_modules_next_dist_f3530cac._.js:2297
[     273ms] [LOG] [HMR] connected @ http://localhost:3000/_next/static/chunks/node_modules_next_dist_f3530cac._.js:2297
[   15887ms] [LOG] [Fast Refresh] rebuilding @ http://localhost:3000/_next/static/chunks/node_modules_next_dist_f3530cac._.js:2297
[   16720ms] [LOG] [Fast Refresh] done in 934ms @ http://localhost:3000/_next/static/chunks/node_modules_next_dist_f3530cac._.js:2297
[   74308ms] [LOG] [Fast Refresh] rebuilding @ http://localhost:3000/_next/static/chunks/node_modules_next_dist_f3530cac._.js:2297
[   75075ms] [LOG] [Fast Refresh] done in 867ms @ http://localhost:3000/_next/static/chunks/node_modules_next_dist_f3530cac._.js:2297
[   83585ms] [WARNING] [ToolInvocationTracker] argsText changed after first completion; not re-firing streamCall (see EDGE_CASES.md A.4) {previous: {"mainGoal":"","openingHook":"","coreConflict":"底层…城市拥有官方的“记忆备份系统”，死者的记忆可以被上传和重现，以此作为破案或遗产分配的终极铁证。"}, next: {}, toolCallId: updateIdeaDraft-1785160391853987623-2} @ http://localhost:3000/_next/static/chunks/node_modules_next_dist_f3530cac._.js:2297
[   91035ms] [WARNING] [ToolInvocationTracker] argsText changed after first completion; not re-firing streamCall (see EDGE_CASES.md A.4) {previous: {"mainGoal":"","openingHook":"","coreConflict":"底层…城市拥有官方的“记忆备份系统”，死者的记忆可以被上传和重现，以此作为破案或遗产分配的终极铁证。"}, next: {}, toolCallId: updateIdeaDraft-1785160391853987623-2} @ http://localhost:3000/_next/static/chunks/node_modules_next_dist_f3530cac._.js:2297
[   91046ms] [WARNING] [ToolInvocationTracker] argsText changed after first completion; not re-firing streamCall (see EDGE_CASES.md A.4) {previous: {"mainGoal":"","openingHook":"","coreConflict":"底层…城市拥有官方的“记忆备份系统”，死者的记忆可以被上传和重现，以此作为破案或遗产分配的终极铁证。"}, next: {}, toolCallId: updateIdeaDraft-1785160391853987623-2} @ http://localhost:3000/_next/static/chunks/node_modules_next_dist_f3530cac._.js:2297
[   91638ms] [WARNING] [ToolInvocationTracker] argsText changed after first completion; not re-firing streamCall (see EDGE_CASES.md A.4) {previous: {"mainGoal":"","openingHook":"","coreConflict":"底层…城市拥有官方的“记忆备份系统”，死者的记忆可以被上传和重现，以此作为破案或遗产分配的终极铁证。"}, next: {}, toolCallId: updateIdeaDraft-1785160391853987623-2} @ http://localhost:3000/_next/static/chunks/node_modules_next_dist_f3530cac._.js:2297
[   91641ms] [WARNING] [ToolInvocationTracker] argsText changed after first completion; not re-firing streamCall (see EDGE_CASES.md A.4) {previous: {"mainGoal":"","openingHook":"","coreConflict":"底层…城市拥有官方的“记忆备份系统”，死者的记忆可以被上传和重现，以此作为破案或遗产分配的终极铁证。"}, next: {}, toolCallId: updateIdeaDraft-1785160391853987623-2} @ http://localhost:3000/_next/static/chunks/node_modules_next_dist_f3530cac._.js:2297
[   99028ms] [WARNING] [ToolInvocationTracker] argsText changed after first completion; not re-firing streamCall (see EDGE_CASES.md A.4) {previous: {"mainGoal":"","openingHook":"","coreConflict":"底层…城市拥有官方的“记忆备份系统”，死者的记忆可以被上传和重现，以此作为破案或遗产分配的终极铁证。"}, next: {}, toolCallId: updateIdeaDraft-1785160391853987623-2} @ http://localhost:3000/_next/static/chunks/node_modules_next_dist_f3530cac._.js:2297
[   99038ms] [WARNING] [ToolInvocationTracker] argsText changed after first completion; not re-firing streamCall (see EDGE_CASES.md A.4) {previous: {"mainGoal":"","openingHook":"","coreConflict":"底层…城市拥有官方的“记忆备份系统”，死者的记忆可以被上传和重现，以此作为破案或遗产分配的终极铁证。"}, next: {}, toolCallId: updateIdeaDraft-1785160391853987623-2} @ http://localhost:3000/_next/static/chunks/node_modules_next_dist_f3530cac._.js:2297
[   99086ms] [WARNING] [ToolInvocationTracker] argsText changed after first completion; not re-firing streamCall (see EDGE_CASES.md A.4) {previous: {"mainGoal":"","openingHook":"","coreConflict":"底层…城市拥有官方的“记忆备份系统”，死者的记忆可以被上传和重现，以此作为破案或遗产分配的终极铁证。"}, next: {}, toolCallId: updateIdeaDraft-1785160391853987623-2} @ http://localhost:3000/_next/static/chunks/node_modules_next_dist_f3530cac._.js:2297
[   99088ms] [WARNING] [ToolInvocationTracker] argsText changed after first completion; not re-firing streamCall (see EDGE_CASES.md A.4) {previous: {"mainGoal":"","openingHook":"","coreConflict":"底层…城市拥有官方的“记忆备份系统”，死者的记忆可以被上传和重现，以此作为破案或遗产分配的终极铁证。"}, next: {}, toolCallId: updateIdeaDraft-1785160391853987623-2} @ http://localhost:3000/_next/static/chunks/node_modules_next_dist_f3530cac._.js:2297
[   99090ms] [WARNING] [ToolInvocationTracker] argsText changed after first completion; not re-firing streamCall (see EDGE_CASES.md A.4) {previous: {"mainGoal":"","openingHook":"","coreConflict":"底层…城市拥有官方的“记忆备份系统”，死者的记忆可以被上传和重现，以此作为破案或遗产分配的终极铁证。"}, next: {}, toolCallId: updateIdeaDraft-1785160391853987623-2} @ http://localhost:3000/_next/static/chunks/node_modules_next_dist_f3530cac._.js:2297
[   99210ms] [WARNING] [ToolInvocationTracker] argsText changed after first completion; not re-firing streamCall (see EDGE_CASES.md A.4) {previous: {"mainGoal":"","openingHook":"","coreConflict":"底层…城市拥有官方的“记忆备份系统”，死者的记忆可以被上传和重现，以此作为破案或遗产分配的终极铁证。"}, next: {}, toolCallId: updateIdeaDraft-1785160391853987623-2} @ http://localhost:3000/_next/static/chunks/node_modules_next_dist_f3530cac._.js:2297
[   99449ms] [WARNING] [ToolInvocationTracker] argsText changed after first completion; not re-firing streamCall (see EDGE_CASES.md A.4) {previous: {"mainGoal":"","openingHook":"","coreConflict":"底层…城市拥有官方的“记忆备份系统”，死者的记忆可以被上传和重现，以此作为破案或遗产分配的终极铁证。"}, next: {}, toolCallId: updateIdeaDraft-1785160391853987623-2} @ http://localhost:3000/_next/static/chunks/node_modules_next_dist_f3530cac._.js:2297
[   99516ms] [WARNING] [ToolInvocationTracker] argsText changed after first completion; not re-firing streamCall (see EDGE_CASES.md A.4) {previous: {"mainGoal":"","openingHook":"","coreConflict":"底层…城市拥有官方的“记忆备份系统”，死者的记忆可以被上传和重现，以此作为破案或遗产分配的终极铁证。"}, next: {}, toolCallId: updateIdeaDraft-1785160391853987623-2} @ http://localhost:3000/_next/static/chunks/node_modules_next_dist_f3530cac._.js:2297
[   99609ms] [WARNING] [ToolInvocationTracker] argsText changed after first completion; not re-firing streamCall (see EDGE_CASES.md A.4) {previous: {"mainGoal":"","openingHook":"","coreConflict":"底层…城市拥有官方的“记忆备份系统”，死者的记忆可以被上传和重现，以此作为破案或遗产分配的终极铁证。"}, next: {}, toolCallId: updateIdeaDraft-1785160391853987623-2} @ http://localhost:3000/_next/static/chunks/node_modules_next_dist_f3530cac._.js:2297
[   99648ms] [WARNING] [ToolInvocationTracker] argsText changed after first completion; not re-firing streamCall (see EDGE_CASES.md A.4) {previous: {"mainGoal":"","openingHook":"","coreConflict":"底层…城市拥有官方的“记忆备份系统”，死者的记忆可以被上传和重现，以此作为破案或遗产分配的终极铁证。"}, next: {}, toolCallId: updateIdeaDraft-1785160391853987623-2} @ http://localhost:3000/_next/static/chunks/node_modules_next_dist_f3530cac._.js:2297
[   99807ms] [WARNING] [ToolInvocationTracker] argsText changed after first completion; not re-firing streamCall (see EDGE_CASES.md A.4) {previous: {"mainGoal":"","openingHook":"","coreConflict":"底层…城市拥有官方的“记忆备份系统”，死者的记忆可以被上传和重现，以此作为破案或遗产分配的终极铁证。"}, next: {}, toolCallId: updateIdeaDraft-1785160391853987623-2} @ http://localhost:3000/_next/static/chunks/node_modules_next_dist_f3530cac._.js:2297
[   99850ms] [WARNING] [ToolInvocationTracker] argsText changed after first completion; not re-firing streamCall (see EDGE_CASES.md A.4) {previous: {"mainGoal":"","openingHook":"","coreConflict":"底层…城市拥有官方的“记忆备份系统”，死者的记忆可以被上传和重现，以此作为破案或遗产分配的终极铁证。"}, next: {}, toolCallId: updateIdeaDraft-1785160391853987623-2} @ http://localhost:3000/_next/static/chunks/node_modules_next_dist_f3530cac._.js:2297
[   99900ms] [WARNING] [ToolInvocationTracker] argsText changed after first completion; not re-firing streamCall (see EDGE_CASES.md A.4) {previous: {"mainGoal":"","openingHook":"","coreConflict":"底层…城市拥有官方的“记忆备份系统”，死者的记忆可以被上传和重现，以此作为破案或遗产分配的终极铁证。"}, next: {}, toolCallId: updateIdeaDraft-1785160391853987623-2} @ http://localhost:3000/_next/static/chunks/node_modules_next_dist_f3530cac._.js:2297
[  100146ms] [WARNING] [ToolInvocationTracker] argsText changed after first completion; not re-firing streamCall (see EDGE_CASES.md A.4) {previous: {"mainGoal":"","openingHook":"","coreConflict":"底层…城市拥有官方的“记忆备份系统”，死者的记忆可以被上传和重现，以此作为破案或遗产分配的终极铁证。"}, next: {}, toolCallId: updateIdeaDraft-1785160391853987623-2} @ http://localhost:3000/_next/static/chunks/node_modules_next_dist_f3530cac._.js:2297
[  100218ms] [WARNING] [ToolInvocationTracker] argsText changed after first completion; not re-firing streamCall (see EDGE_CASES.md A.4) {previous: {"mainGoal":"","openingHook":"","coreConflict":"底层…城市拥有官方的“记忆备份系统”，死者的记忆可以被上传和重现，以此作为破案或遗产分配的终极铁证。"}, next: {}, toolCallId: updateIdeaDraft-1785160391853987623-2} @ http://localhost:3000/_next/static/chunks/node_modules_next_dist_f3530cac._.js:2297
[  100268ms] [WARNING] [ToolInvocationTracker] argsText changed after first completion; not re-firing streamCall (see EDGE_CASES.md A.4) {previous: {"mainGoal":"","openingHook":"","coreConflict":"底层…城市拥有官方的“记忆备份系统”，死者的记忆可以被上传和重现，以此作为破案或遗产分配的终极铁证。"}, next: {}, toolCallId: updateIdeaDraft-1785160391853987623-2} @ http://localhost:3000/_next/static/chunks/node_modules_next_dist_f3530cac._.js:2297
[  100288ms] [WARNING] [ToolInvocationTracker] argsText changed after first completion; not re-firing streamCall (see EDGE_CASES.md A.4) {previous: {"mainGoal":"","openingHook":"","coreConflict":"底层…城市拥有官方的“记忆备份系统”，死者的记忆可以被上传和重现，以此作为破案或遗产分配的终极铁证。"}, next: {}, toolCallId: updateIdeaDraft-1785160391853987623-2} @ http://localhost:3000/_next/static/chunks/node_modules_next_dist_f3530cac._.js:2297
[  100448ms] [WARNING] [ToolInvocationTracker] argsText changed after first completion; not re-firing streamCall (see EDGE_CASES.md A.4) {previous: {"mainGoal":"","openingHook":"","coreConflict":"底层…城市拥有官方的“记忆备份系统”，死者的记忆可以被上传和重现，以此作为破案或遗产分配的终极铁证。"}, next: {}, toolCallId: updateIdeaDraft-1785160391853987623-2} @ http://localhost:3000/_next/static/chunks/node_modules_next_dist_f3530cac._.js:2297
[  100451ms] [WARNING] [ToolInvocationTracker] argsText changed after first completion; not re-firing streamCall (see EDGE_CASES.md A.4) {previous: {"mainGoal":"","openingHook":"","coreConflict":"底层…城市拥有官方的“记忆备份系统”，死者的记忆可以被上传和重现，以此作为破案或遗产分配的终极铁证。"}, next: {}, toolCallId: updateIdeaDraft-1785160391853987623-2} @ http://localhost:3000/_next/static/chunks/node_modules_next_dist_f3530cac._.js:2297
[  100453ms] [WARNING] [ToolInvocationTracker] argsText changed after first completion; not re-firing streamCall (see EDGE_CASES.md A.4) {previous: {"mainGoal":"","openingHook":"","coreConflict":"底层…城市拥有官方的“记忆备份系统”，死者的记忆可以被上传和重现，以此作为破案或遗产分配的终极铁证。"}, next: {}, toolCallId: updateIdeaDraft-1785160391853987623-2} @ http://localhost:3000/_next/static/chunks/node_modules_next_dist_f3530cac._.js:2297
[  471341ms] [LOG] [Fast Refresh] rebuilding @ http://localhost:3000/_next/static/chunks/node_modules_next_dist_f3530cac._.js:2297
[  472070ms] [ERROR] ./src/components/ideas/idea-center/idea-grid-card.tsx:90:7
Parsing ecmascript source code failed
  88 |         </div>
  89 |       </div>
> 90 |     </button>
     |       ^^^^^^
  91 |   )
  92 | }
  93 |

Expected corresponding JSX closing tag for <div>

Import traces:
  Client Component Browser:
    ./src/components/ideas/idea-center/idea-grid-card.tsx [Client Component Browser]
    ./src/components/ideas/idea-center-page.tsx [Client Component Browser]
    ./src/app/home-client.tsx [Client Component Browser]
    ./src/app/home-client.tsx [Server Component]
    ./src/app/page.tsx [Server Component]

  Client Component SSR:
    ./src/components/ideas/idea-center/idea-grid-card.tsx [Client Component SSR]
    ./src/components/ideas/idea-center-page.tsx [Client Component SSR]
    ./src/app/home-client.tsx [Client Component SSR]
    ./src/app/home-client.tsx [Server Component]
    ./src/app/page.tsx [Server Component] @ http://localhost:3000/_next/static/chunks/node_modules_next_dist_f3530cac._.js:3127
[  480977ms] [LOG] [Fast Refresh] rebuilding @ http://localhost:3000/_next/static/chunks/node_modules_next_dist_f3530cac._.js:2297
[  481142ms] [LOG] [Fast Refresh] done in 133ms @ http://localhost:3000/_next/static/chunks/node_modules_next_dist_f3530cac._.js:2297
[  510195ms] [LOG] [Fast Refresh] rebuilding @ http://localhost:3000/_next/static/chunks/node_modules_next_dist_f3530cac._.js:2297
[  510219ms] [LOG] [Fast Refresh] done in 92ms @ http://localhost:3000/_next/static/chunks/node_modules_next_dist_f3530cac._.js:2297
[  518685ms] [LOG] [Fast Refresh] rebuilding @ http://localhost:3000/_next/static/chunks/node_modules_next_dist_f3530cac._.js:2297
[  518709ms] [LOG] [Fast Refresh] done in 62ms @ http://localhost:3000/_next/static/chunks/node_modules_next_dist_f3530cac._.js:2297
[  524544ms] [ERROR] ./src/components/settings/settings-panel.tsx:108:13
Parsing ecmascript source code failed
  106 |           )}
  107 |         </div>
> 108 |       </div>
      |             ^
> 109 |     </div>
      | ^^^^^
  110 |   )
  111 | }
  112 |

Expected '</', got 'jsx text (
    )'

Import traces:
  Client Component Browser:
    ./src/components/settings/settings-panel.tsx [Client Component Browser]
    ./src/app/home-client.tsx [Client Component Browser]
    ./src/app/home-client.tsx [Server Component]
    ./src/app/page.tsx [Server Component]

  Client Component SSR:
    ./src/components/settings/settings-panel.tsx [Client Component SSR]
    ./src/app/home-client.tsx [Client Component SSR]
    ./src/app/home-client.tsx [Server Component]
    ./src/app/page.tsx [Server Component] @ http://localhost:3000/_next/static/chunks/node_modules_next_dist_f3530cac._.js:3127
[  524560ms] [LOG] [Fast Refresh] rebuilding @ http://localhost:3000/_next/static/chunks/node_modules_next_dist_f3530cac._.js:2297
[  528814ms] [LOG] [Fast Refresh] rebuilding @ http://localhost:3000/_next/static/chunks/node_modules_next_dist_f3530cac._.js:2297
[  528945ms] [LOG] [Fast Refresh] done in 90ms @ http://localhost:3000/_next/static/chunks/node_modules_next_dist_f3530cac._.js:2297
[  554806ms] [LOG] [Fast Refresh] rebuilding @ http://localhost:3000/_next/static/chunks/node_modules_next_dist_f3530cac._.js:2297
[  554894ms] [LOG] [Fast Refresh] done in 171ms @ http://localhost:3000/_next/static/chunks/node_modules_next_dist_f3530cac._.js:2297
[  560051ms] [LOG] [Fast Refresh] rebuilding @ http://localhost:3000/_next/static/chunks/node_modules_next_dist_f3530cac._.js:2297
[  560073ms] [LOG] [Fast Refresh] done in 95ms @ http://localhost:3000/_next/static/chunks/node_modules_next_dist_f3530cac._.js:2297
[  566888ms] [LOG] [Fast Refresh] rebuilding @ http://localhost:3000/_next/static/chunks/node_modules_next_dist_f3530cac._.js:2297
[  566909ms] [LOG] [Fast Refresh] done in 101ms @ http://localhost:3000/_next/static/chunks/node_modules_next_dist_f3530cac._.js:2297
[  577795ms] [LOG] [Fast Refresh] rebuilding @ http://localhost:3000/_next/static/chunks/node_modules_next_dist_f3530cac._.js:2297
[  577968ms] [LOG] [Fast Refresh] done in 198ms @ http://localhost:3000/_next/static/chunks/node_modules_next_dist_f3530cac._.js:2297
[  599367ms] [LOG] [Fast Refresh] rebuilding @ http://localhost:3000/_next/static/chunks/node_modules_next_dist_f3530cac._.js:2297
[  599386ms] [LOG] [Fast Refresh] done in 119ms @ http://localhost:3000/_next/static/chunks/node_modules_next_dist_f3530cac._.js:2297
[  610596ms] [LOG] [Fast Refresh] rebuilding @ http://localhost:3000/_next/static/chunks/node_modules_next_dist_f3530cac._.js:2297
[  610623ms] [LOG] [Fast Refresh] done in 96ms @ http://localhost:3000/_next/static/chunks/node_modules_next_dist_f3530cac._.js:2297
[  617127ms] [LOG] [Fast Refresh] rebuilding @ http://localhost:3000/_next/static/chunks/node_modules_next_dist_f3530cac._.js:2297
[  617154ms] [LOG] [Fast Refresh] done in 77ms @ http://localhost:3000/_next/static/chunks/node_modules_next_dist_f3530cac._.js:2297
[  622126ms] [LOG] [Fast Refresh] rebuilding @ http://localhost:3000/_next/static/chunks/node_modules_next_dist_f3530cac._.js:2297
[  622154ms] [LOG] [Fast Refresh] done in 78ms @ http://localhost:3000/_next/static/chunks/node_modules_next_dist_f3530cac._.js:2297
[  627020ms] [LOG] [Fast Refresh] rebuilding @ http://localhost:3000/_next/static/chunks/node_modules_next_dist_f3530cac._.js:2297
[  627047ms] [LOG] [Fast Refresh] done in 90ms @ http://localhost:3000/_next/static/chunks/node_modules_next_dist_f3530cac._.js:2297
[  632572ms] [LOG] [Fast Refresh] rebuilding @ http://localhost:3000/_next/static/chunks/node_modules_next_dist_f3530cac._.js:2297
[  632573ms] [LOG] [Fast Refresh] done in 101ms @ http://localhost:3000/_next/static/chunks/node_modules_next_dist_f3530cac._.js:2297
[  637094ms] [LOG] [Fast Refresh] rebuilding @ http://localhost:3000/_next/static/chunks/node_modules_next_dist_f3530cac._.js:2297
[  637119ms] [LOG] [Fast Refresh] done in 80ms @ http://localhost:3000/_next/static/chunks/node_modules_next_dist_f3530cac._.js:2297
[  648178ms] [LOG] [Fast Refresh] rebuilding @ http://localhost:3000/_next/static/chunks/node_modules_next_dist_f3530cac._.js:2297
[  648206ms] [LOG] [Fast Refresh] done in 74ms @ http://localhost:3000/_next/static/chunks/node_modules_next_dist_f3530cac._.js:2297
[  654110ms] [LOG] [Fast Refresh] rebuilding @ http://localhost:3000/_next/static/chunks/node_modules_next_dist_f3530cac._.js:2297
[  654156ms] [LOG] [Fast Refresh] done in 120ms @ http://localhost:3000/_next/static/chunks/node_modules_next_dist_f3530cac._.js:2297
[  673523ms] [LOG] [Fast Refresh] rebuilding @ http://localhost:3000/_next/static/chunks/node_modules_next_dist_f3530cac._.js:2297
[  673743ms] [LOG] [Fast Refresh] done in 135ms @ http://localhost:3000/_next/static/chunks/node_modules_next_dist_f3530cac._.js:2297
[  682863ms] [LOG] [Fast Refresh] rebuilding @ http://localhost:3000/_next/static/chunks/node_modules_next_dist_f3530cac._.js:2297
[  683062ms] [LOG] [Fast Refresh] done in 142ms @ http://localhost:3000/_next/static/chunks/node_modules_next_dist_f3530cac._.js:2297
[  688519ms] [LOG] [Fast Refresh] rebuilding @ http://localhost:3000/_next/static/chunks/node_modules_next_dist_f3530cac._.js:2297
[  688578ms] [LOG] [Fast Refresh] done in 159ms @ http://localhost:3000/_next/static/chunks/node_modules_next_dist_f3530cac._.js:2297
[  696366ms] [LOG] [Fast Refresh] rebuilding @ http://localhost:3000/_next/static/chunks/node_modules_next_dist_f3530cac._.js:2297
[  696370ms] [ERROR] The final argument passed to %s changed size between renders. The order and size of this array must remain constant.

Previous: %s
Incoming: %s useEffect [false] [false, false] @ http://localhost:3000/_next/static/chunks/node_modules_next_dist_f3530cac._.js:3127
[  696392ms] [LOG] [Fast Refresh] done in 83ms @ http://localhost:3000/_next/static/chunks/node_modules_next_dist_f3530cac._.js:2297
[  706954ms] [LOG] [Fast Refresh] rebuilding @ http://localhost:3000/_next/static/chunks/node_modules_next_dist_f3530cac._.js:2297
[  706974ms] [LOG] [Fast Refresh] done in 121ms @ http://localhost:3000/_next/static/chunks/node_modules_next_dist_f3530cac._.js:2297
[  717059ms] [LOG] [Fast Refresh] rebuilding @ http://localhost:3000/_next/static/chunks/node_modules_next_dist_f3530cac._.js:2297
[  717076ms] [LOG] [Fast Refresh] done in 118ms @ http://localhost:3000/_next/static/chunks/node_modules_next_dist_f3530cac._.js:2297
[  724554ms] [LOG] [Fast Refresh] rebuilding @ http://localhost:3000/_next/static/chunks/node_modules_next_dist_f3530cac._.js:2297
[  724578ms] [LOG] [Fast Refresh] done in 98ms @ http://localhost:3000/_next/static/chunks/node_modules_next_dist_f3530cac._.js:2297
